README.md	54	1789421339.890082
.gitignore	464	1790629257.440888
lab0/lab0.c	490	1789421339.890082
inclass_activities/a.out	16264	1790637215.941899
inclass_activities/fork_example.c	254	1790199387.059045
inclass_activities/sigaction_example.c	705	1791237333.450093
inclass_activities/exec_example.c	77	1790202045.944426
inclass_activities/wait_example.c	277	1790205634.073507
lab2/a.out	16352	1790629430.534919
lab2/lab2.c	1011	1790629417.919555
lab3/lab3.c	1642	1791221322.897741
lab3/a.out	1649224	1790631079.880699
lab3/lab3	1651792	1791221322.897741
lab3/Makefile	116	1791221322.888741
lab4/lab4	1651832	1791235766.252728
lab4/lab4.c	2339	1791236014.264419
lab4/Makefile	108	1791233157.923219
lab1/a.out	1644504	1789421958.650261
lab1/lab1.c	505	1789421949.598964
lab1/REFLECTION.md	248	1789423178.859469
